Archive member included to satisfy reference by file (symbol)

c:/program files (x86)/atmel/studio/7.0/toolchain/avr8/avr8-gnu-toolchain/bin/../lib/gcc/avr/5.4.0/../../../../avr/lib/avrxmega6\libm.a(addsf3.o)
                              src/adc_example1_gfx.o (__addsf3)
c:/program files (x86)/atmel/studio/7.0/toolchain/avr8/avr8-gnu-toolchain/bin/../lib/gcc/avr/5.4.0/../../../../avr/lib/avrxmega6\libm.a(addsf3x.o)
                              c:/program files (x86)/atmel/studio/7.0/toolchain/avr8/avr8-gnu-toolchain/bin/../lib/gcc/avr/5.4.0/../../../../avr/lib/avrxmega6\libm.a(addsf3.o) (__addsf3x)
c:/program files (x86)/atmel/studio/7.0/toolchain/avr8/avr8-gnu-toolchain/bin/../lib/gcc/avr/5.4.0/../../../../avr/lib/avrxmega6\libm.a(fixsfsi.o)
                              src/adc_example1_gfx.o (__fixsfsi)
c:/program files (x86)/atmel/studio/7.0/toolchain/avr8/avr8-gnu-toolchain/bin/../lib/gcc/avr/5.4.0/../../../../avr/lib/avrxmega6\libm.a(fixunssfsi.o)
                              src/adc_example1_gfx.o (__fixunssfsi)
c:/program files (x86)/atmel/studio/7.0/toolchain/avr8/avr8-gnu-toolchain/bin/../lib/gcc/avr/5.4.0/../../../../avr/lib/avrxmega6\libm.a(floatsisf.o)
                              src/adc_example1_gfx.o (__floatunsisf)
c:/program files (x86)/atmel/studio/7.0/toolchain/avr8/avr8-gnu-toolchain/bin/../lib/gcc/avr/5.4.0/../../../../avr/lib/avrxmega6\libm.a(fp_inf.o)
                              c:/program files (x86)/atmel/studio/7.0/toolchain/avr8/avr8-gnu-toolchain/bin/../lib/gcc/avr/5.4.0/../../../../avr/lib/avrxmega6\libm.a(addsf3x.o) (__fp_inf)
c:/program files (x86)/atmel/studio/7.0/toolchain/avr8/avr8-gnu-toolchain/bin/../lib/gcc/avr/5.4.0/../../../../avr/lib/avrxmega6\libm.a(fp_nan.o)
                              c:/program files (x86)/atmel/studio/7.0/toolchain/avr8/avr8-gnu-toolchain/bin/../lib/gcc/avr/5.4.0/../../../../avr/lib/avrxmega6\libm.a(addsf3x.o) (__fp_nan)
c:/program files (x86)/atmel/studio/7.0/toolchain/avr8/avr8-gnu-toolchain/bin/../lib/gcc/avr/5.4.0/../../../../avr/lib/avrxmega6\libm.a(fp_pscA.o)
                              c:/program files (x86)/atmel/studio/7.0/toolchain/avr8/avr8-gnu-toolchain/bin/../lib/gcc/avr/5.4.0/../../../../avr/lib/avrxmega6\libm.a(addsf3x.o) (__fp_pscA)
c:/program files (x86)/atmel/studio/7.0/toolchain/avr8/avr8-gnu-toolchain/bin/../lib/gcc/avr/5.4.0/../../../../avr/lib/avrxmega6\libm.a(fp_pscB.o)
                              c:/program files (x86)/atmel/studio/7.0/toolchain/avr8/avr8-gnu-toolchain/bin/../lib/gcc/avr/5.4.0/../../../../avr/lib/avrxmega6\libm.a(addsf3x.o) (__fp_pscB)
c:/program files (x86)/atmel/studio/7.0/toolchain/avr8/avr8-gnu-toolchain/bin/../lib/gcc/avr/5.4.0/../../../../avr/lib/avrxmega6\libm.a(fp_round.o)
                              c:/program files (x86)/atmel/studio/7.0/toolchain/avr8/avr8-gnu-toolchain/bin/../lib/gcc/avr/5.4.0/../../../../avr/lib/avrxmega6\libm.a(addsf3.o) (__fp_round)
c:/program files (x86)/atmel/studio/7.0/toolchain/avr8/avr8-gnu-toolchain/bin/../lib/gcc/avr/5.4.0/../../../../avr/lib/avrxmega6\libm.a(fp_split3.o)
                              c:/program files (x86)/atmel/studio/7.0/toolchain/avr8/avr8-gnu-toolchain/bin/../lib/gcc/avr/5.4.0/../../../../avr/lib/avrxmega6\libm.a(addsf3x.o) (__fp_split3)
c:/program files (x86)/atmel/studio/7.0/toolchain/avr8/avr8-gnu-toolchain/bin/../lib/gcc/avr/5.4.0/../../../../avr/lib/avrxmega6\libm.a(fp_zero.o)
                              c:/program files (x86)/atmel/studio/7.0/toolchain/avr8/avr8-gnu-toolchain/bin/../lib/gcc/avr/5.4.0/../../../../avr/lib/avrxmega6\libm.a(addsf3x.o) (__fp_zero)
c:/program files (x86)/atmel/studio/7.0/toolchain/avr8/avr8-gnu-toolchain/bin/../lib/gcc/avr/5.4.0/../../../../avr/lib/avrxmega6\libm.a(mulsf3.o)
                              src/adc_example1_gfx.o (__mulsf3)
c:/program files (x86)/atmel/studio/7.0/toolchain/avr8/avr8-gnu-toolchain/bin/../lib/gcc/avr/5.4.0/../../../../avr/lib/avrxmega6\libm.a(mulsf3x.o)
                              c:/program files (x86)/atmel/studio/7.0/toolchain/avr8/avr8-gnu-toolchain/bin/../lib/gcc/avr/5.4.0/../../../../avr/lib/avrxmega6\libm.a(mulsf3.o) (__mulsf3x)
c:/program files (x86)/atmel/studio/7.0/toolchain/avr8/avr8-gnu-toolchain/bin/../lib/gcc/avr/5.4.0/avrxmega6\libgcc.a(_udivmodsi4.o)
                              src/ASF/xmega/drivers/usart/usart.o (__udivmodsi4)
c:/program files (x86)/atmel/studio/7.0/toolchain/avr8/avr8-gnu-toolchain/bin/../lib/gcc/avr/5.4.0/avrxmega6\libgcc.a(_exit.o)
                              C:/Program Files (x86)/Atmel/Studio/7.0/Packs/atmel/XMEGAA_DFP/1.1.68/gcc/dev/atxmega256a3bu/avrxmega6/crtatxmega256a3bu.o (exit)
c:/program files (x86)/atmel/studio/7.0/toolchain/avr8/avr8-gnu-toolchain/bin/../lib/gcc/avr/5.4.0/avrxmega6\libgcc.a(_copy_data.o)
                              src/adc_example1_gfx.o (__do_copy_data)
c:/program files (x86)/atmel/studio/7.0/toolchain/avr8/avr8-gnu-toolchain/bin/../lib/gcc/avr/5.4.0/avrxmega6\libgcc.a(_clear_bss.o)
[...]
Memory Configuration

Name             Origin             Length             Attributes
text             0x00000000         0x00100000         xr
data             0x00802000         0x0000ffa0         rw !x
eeprom           0x00810000         0x00010000         rw !x
fuse             0x00820000         0x00000006         rw !x
lock             0x00830000         0x00000400         rw !x
signature        0x00840000         0x00000400         rw !x
user_signatures  0x00850000         0x00000400         rw !x
*default*        0x00000000         0xffffffff

Linker script and memory map

LOAD C:/Program Files (x86)/Atmel/Studio/7.0/Packs/atmel/XMEGAA_DFP/1.1.68/gcc/dev/atxmega256a3bu/avrxmega6/crtatxmega256a3bu.o
LOAD src/adc_example1_gfx.o
LOAD src/ASF/common/components/display/st7565r/st7565r.o
LOAD src/ASF/common/services/clock/xmega/sysclk.o
LOAD src/ASF/common/services/gfx_mono/gfx_mono_c12832_a1z.o
LOAD src/ASF/common/services/gfx_mono/gfx_mono_framebuffer.o
LOAD src/ASF/common/services/gfx_mono/gfx_mono_generic.o
LOAD src/ASF/common/services/gfx_mono/gfx_mono_text.o
LOAD src/ASF/common/services/gfx_mono/sysfont.o
LOAD src/ASF/common/services/ioport/xmega/ioport_compat.o
LOAD src/ASF/common/services/sleepmgr/xmega/sleepmgr.o
LOAD src/ASF/common/services/spi/xmega_usart_spi/usart_spi.o
LOAD src/ASF/xmega/boards/xmega_a3bu_xplained/init.o
LOAD src/ASF/xmega/drivers/adc/adc.o
LOAD src/ASF/xmega/drivers/adc/xmega_aau/adc_aau.o
LOAD src/ASF/xmega/drivers/cpu/ccp.o
LOAD src/ASF/xmega/drivers/nvm/nvm.o
LOAD src/ASF/xmega/drivers/nvm/nvm_asm.o
LOAD src/ASF/xmega/drivers/usart/usart.o
START GROUP
LOAD c:/program files (x86)/atmel/studio/7.0/toolchain/avr8/avr8-gnu-toolchain/bin/../lib/gcc/avr/5.4.0/../../../../avr/lib/avrxmega6\libm.a
END GROUP
Address of section .BOOT set to 0x40000
START GROUP
LOAD c:/program files (x86)/atmel/studio/7.0/toolchain/avr8/avr8-gnu-toolchain/bin/../lib/gcc/avr/5.4.0/avrxmega6\libgcc.a
LOAD c:/program files (x86)/atmel/studio/7.0/toolchain/avr8/avr8-gnu-toolchain/bin/../lib/gcc/avr/5.4.0/../../../../avr/lib/avrxmega6\libm.a
LOAD c:/program files (x86)/atmel/studio/7.0/toolchain/avr8/avr8-gnu-toolchain/bin/../lib/gcc/avr/5.4.0/../../../../avr/lib/avrxmega6\libc.a
LOAD C:/Program Files (x86)/Atmel/Studio/7.0/Packs/atmel/XMEGAA_DFP/1.1.68/gcc/dev/atxmega256a3bu/avrxmega6\libatxmega256a3bu.a
END GROUP
                0x00100000                __TEXT_REGION_LENGTH__ = DEFINED (__TEXT_REGION_LENGTH__)?__TEXT_REGION_LENGTH__:0x100000
                0x0000ffa0                __DATA_REGION_LENGTH__ = DEFINED (__DATA_REGION_LENGTH__)?__DATA_REGION_LENGTH__:0xffa0
                0x00010000                __EEPROM_REGION_LENGTH__ = DEFINED (__EEPROM_REGION_LENGTH__)?__EEPROM_REGION_LENGTH__:0x10000
                [0x00000006]                __FUSE_REGION_LENGTH__ = DEFINED (__FUSE_REGION_LENGTH__)?__FUSE_REGION_LENGTH__:0x400
                0x00000400                __LOCK_REGION_LENGTH__ = DEFINED (__LOCK_REGION_LENGTH__)?__LOCK_REGION_LENGTH__:0x400
                0x00000400                __SIGNATURE_REGION_LENGTH__ = DEFINED (__SIGNATURE_REGION_LENGTH__)?__SIGNATURE_REGION_LENGTH__:0x400
                0x00000400                __USER_SIGNATURE_REGION_LENGTH__ = DEFINED (__USER_SIGNATURE_REGION_LENGTH__)?__USER_SIGNATURE_REGION_LENGTH__:0x400

.hash
 *(.hash)

.dynsym
 *(.dynsym)

.dynstr
 *(.dynstr)

.gnu.version
 *(.gnu.version)

.gnu.version_d
 *(.gnu.version_d)

.gnu.version_r
 *(.gnu.version_r)

.rel.init
 *(.rel.init)

.rela.init
 *(.rela.init)

.rel.text
 *(.rel.text)
 *(.rel.text.*)
 *(.rel.gnu.linkonce.t*)

.rela.text
 *(.rela.text)
 *(.rela.text.*)
 *(.rela.gnu.linkonce.t*)

.rel.fini
 *(.rel.fini)

.rela.fini
 *(.rela.fini)

.rel.rodata
 *(.rel.rodata)
 *(.rel.rodata.*)
 *(.rel.gnu.linkonce.r*)

.rela.rodata
 *(.rela.rodata)
 *(.rela.rodata.*)
 *(.rela.gnu.linkonce.r*)

.rel.data
 *(.rel.data)
 *(.rel.data.*)
 *(.rel.gnu.linkonce.d*)

.rela.data
 *(.rela.data)
 *(.rela.data.*)
 *(.rela.gnu.linkonce.d*)

.rel.ctors
 *(.rel.ctors)

.rela.ctors
 *(.rela.ctors)

.rel.dtors
 *(.rel.dtors)

.rela.dtors
 *(.rela.dtors)

.rel.got
 *(.rel.got)

.rela.got
 *(.rela.got)

.rel.bss
 *(.rel.bss)

.rela.bss
 *(.rela.bss)

.rel.plt
 *(.rel.plt)

.rela.plt
 *(.rela.plt)

.text           0x00000000     0x262c
 *(.vectors)
 .vectors       0x00000000      0x1fc C:/Program Files (x86)/Atmel/Studio/7.0/Packs/atmel/XMEGAA_DFP/1.1.68/gcc/dev/atxmega256a3bu/avrxmega6/crtatxmega256a3bu.o
                0x00000000                __vector_default
                0x00000000                __vectors
 *(.vectors)
 *(.progmem.gcc*)
                0x000001fc                . = ALIGN (0x2)
                0x000001fc                __trampolines_start = .
 *(.trampolines)
 .trampolines   0x000001fc        0x0 linker stubs
 *(.trampolines*)
                0x000001fc                __trampolines_end = .
 *libprintf_flt.a:*(.progmem.data)
 *libc.a:*(.progmem.data)
 *(.progmem*)
 .progmem.data.sysfont_glyphs
                0x000001fc      0x292 src/ASF/common/services/gfx_mono/sysfont.o
                0x0000048e                . = ALIGN (0x2)
 *(.jumptables)
 *(.jumptables*)
 *(.lowtext)
 *(.lowtext*)
                0x0000048e                __ctors_start = .
 *(.ctors)
                0x0000048e                __ctors_end = .
                0x0000048e                __dtors_start = .
 *(.dtors)
                0x0000048e                __dtors_end = .
 SORT(*)(.ctors)
 SORT(*)(.dtors)
 *(.init0)
 .init0         0x0000048e        0x0 C:/Program Files (x86)/Atmel/Studio/7.0/Packs/atmel/XMEGAA_DFP/1.1.68/gcc/dev/atxmega256a3bu/avrxmega6/crtatxmega256a3bu.o
                0x0000048e                __init
 *(.init0)
 *(.init1)
 *(.init1)
 *(.init2)
 .init2         0x0000048e       0x10 C:/Program Files (x86)/Atmel/Studio/7.0/Packs/atmel/XMEGAA_DFP/1.1.68/gcc/dev/atxmega256a3bu/avrxmega6/crtatxmega256a3bu.o
 *(.init2)
 *(.init3)
 *(.init3)
 *(.init4)
 .init4         0x0000049e       0x1a c:/program files (x86)/atmel/studio/7.0/toolchain/avr8/avr8-gnu-toolchain/bin/../lib/gcc/avr/5.4.0/avrxmega6\libgcc.a(_copy_data.o)
                0x0000049e                __do_copy_data
 .init4         0x000004b8       0x10 c:/program files (x86)/atmel/studio/7.0/toolchain/avr8/avr8-gnu-toolchain/bin/../lib/gcc/avr/5.4.0/avrxmega6\libgcc.a(_clear_bss.o)
                0x000004b8                __do_clear_bss
 *(.init4)
 *(.init5)
 *(.init5)
 *(.init6)
 *(.init6)
 *(.init7)
 *(.init7)
 *(.init8)
 *(.init8)
 *(.init9)
 .init9         0x000004c8        0x6 C:/Program Files (x86)/Atmel/Studio/7.0/Packs/atmel/XMEGAA_DFP/1.1.68/gcc/dev/atxmega256a3bu/avrxmega6/crtatxmega256a3bu.o
 *(.init9)
 *(.text)
 .text          0x000004ce        0x2 C:/Program Files (x86)/Atmel/Studio/7.0/Packs/atmel/XMEGAA_DFP/1.1.68/gcc/dev/atxmega256a3bu/avrxmega6/crtatxmega256a3bu.o
                0x000004ce                __vector_38
                0x000004ce                __vector_104
                0x000004ce                __vector_22
                0x000004ce                __vector_63
                0x000004ce                __vector_28
                0x000004ce                __vector_67
                0x000004ce                __vector_1
                0x000004ce                __vector_119
                0x000004ce                __vector_32
                0x000004ce                __vector_75
                0x000004ce                __vector_91
                0x000004ce                __vector_34
                0x000004ce                __vector_62
                0x000004ce                __vector_77
                0x000004ce                __vector_102
                0x000004ce                __vector_24
                0x000004ce                __vector_12
                0x000004ce                __vector_55
                0x000004ce                __vector_69
                0x000004ce                __vector_81
                0x000004ce                __vector_90
                0x000004ce                __vector_46
                0x000004ce                __bad_interrupt
                0x000004ce                __vector_122
                0x000004ce                __vector_114
                0x000004ce                __vector_6
                0x000004ce                __vector_110
                0x000004ce                __vector_31
                0x000004ce                __vector_92
                0x000004ce                __vector_35
                0x000004ce                __vector_78
                0x000004ce                __vector_117
                0x000004ce                __vector_107
                0x000004ce                __vector_3
                0x000004ce                __vector_105
                0x000004ce                __vector_98
                0x000004ce                __vector_23
                0x000004ce                __vector_68
                0x000004ce                __vector_30
                0x000004ce                __vector_45
                0x000004ce                __vector_25
                0x000004ce                __vector_93
                0x000004ce                __vector_61
                0x000004ce                __vector_11
                0x000004ce                __vector_54
                0x000004ce                __vector_99
                0x000004ce                __vector_13
                0x000004ce                __vector_17
                0x000004ce                __vector_19
                0x000004ce                __vector_56
                0x000004ce                __vector_7
                0x000004ce                __vector_125
                0x000004ce                __vector_49
                0x000004ce                __vector_123
                0x000004ce                __vector_86
                0x000004ce                __vector_100
                0x000004ce                __vector_101
                0x000004ce                __vector_64
                0x000004ce                __vector_88
                0x000004ce                __vector_109
                0x000004ce                __vector_43
                0x000004ce                __vector_27
                0x000004ce                __vector_5
                0x000004ce                __vector_113
                0x000004ce                __vector_33
                0x000004ce                __vector_76
                0x000004ce                __vector_115
                0x000004ce                __vector_47
                0x000004ce                __vector_52
                0x000004ce                __vector_37
                0x000004ce                __vector_95
                0x000004ce                __vector_103
                0x000004ce                __vector_96
                0x000004ce                __vector_89
                0x000004ce                __vector_108
                0x000004ce                __vector_4
                0x000004ce                __vector_44
                0x000004ce                __vector_82
                0x000004ce                __vector_106
                0x000004ce                __vector_118
                0x000004ce                __vector_51
                0x000004ce                __vector_9
                0x000004ce                __vector_2
                0x000004ce                __vector_21
                0x000004ce                __vector_15
                0x000004ce                __vector_66
                0x000004ce                __vector_36
                0x000004ce                __vector_79
                0x000004ce                __vector_58
                0x000004ce                __vector_70
                0x000004ce                __vector_83
                0x000004ce                __vector_29
                0x000004ce                __vector_60
                0x000004ce                __vector_121
                0x000004ce                __vector_85
                0x000004ce                __vector_94
                0x000004ce                __vector_126
                0x000004ce                __vector_8
                0x000004ce                __vector_26
                0x000004ce                __vector_48
                0x000004ce                __vector_124
                0x000004ce                __vector_116
                0x000004ce                __vector_112
                0x000004ce                __vector_111
                0x000004ce                __vector_80
                0x000004ce                __vector_14
                0x000004ce                __vector_84
                0x000004ce                __vector_57
                0x000004ce                __vector_53
                0x000004ce                __vector_10
                0x000004ce                __vector_50
                0x000004ce                __vector_16
                0x000004ce                __vector_59
                0x000004ce                __vector_18
                0x000004ce                __vector_97
                0x000004ce                __vector_20
                0x000004ce                __vector_87
                0x000004ce                __vector_65
                0x000004ce                __vector_120
                0x000004d0                . = ALIGN (0x2)
 *(.text.*)
 .text.adc_handler
                0x000004d0      0x1a0 src/adc_example1_gfx.o
 .text.main     0x00000670      0x104 src/adc_example1_gfx.o
                0x00000670                main
 .text.__portable_avr_delay_cycles
                0x00000774       0x16 src/ASF/common/components/display/st7565r/st7565r.o
 .text.st7565r_init
                0x0000078a      0x388 src/ASF/common/components/display/st7565r/st7565r.o
                0x0000078a                st7565r_init
 .text.sysclk_init
                0x00000b12       0x72 src/ASF/common/services/clock/xmega/sysclk.o
                0x00000b12                sysclk_init
 .text.sysclk_enable_module
                0x00000b84       0x2c src/ASF/common/services/clock/xmega/sysclk.o
                0x00000b84                sysclk_enable_module
 .text.sysclk_disable_module
                0x00000bb0       0x2a src/ASF/common/services/clock/xmega/sysclk.o
                0x00000bb0                sysclk_disable_module
 .text.gfx_mono_st7565r_put_byte
                0x00000bda      0x14e src/ASF/common/services/gfx_mono/gfx_mono_c12832_a1z.o
                0x00000bda                gfx_mono_st7565r_put_byte
 .text.gfx_mono_st7565r_init
                0x00000d28       0x84 src/ASF/common/services/gfx_mono/gfx_mono_c12832_a1z.o
                0x00000d28                gfx_mono_st7565r_init
 .text.gfx_mono_st7565r_draw_pixel
                0x00000dac       0x6c src/ASF/common/services/gfx_mono/gfx_mono_c12832_a1z.o
                0x00000dac                gfx_mono_st7565r_draw_pixel
 .text.gfx_mono_st7565r_get_byte
                0x00000e18        0x4 src/ASF/common/services/gfx_mono/gfx_mono_c12832_a1z.o
                0x00000e18                gfx_mono_st7565r_get_byte
 .text.gfx_mono_set_framebuffer
                0x00000e1c        0xa src/ASF/common/services/gfx_mono/gfx_mono_framebuffer.o
                0x00000e1c                gfx_mono_set_framebuffer
 .text.gfx_mono_framebuffer_put_byte
                0x00000e26       0x1c src/ASF/common/services/gfx_mono/gfx_mono_framebuffer.o
                0x00000e26                gfx_mono_framebuffer_put_byte
 .text.gfx_mono_framebuffer_get_byte
                0x00000e42       0x1c src/ASF/common/services/gfx_mono/gfx_mono_framebuffer.o
                0x00000e42                gfx_mono_framebuffer_get_byte
 .text.gfx_mono_generic_draw_horizontal_line
                0x00000e5e       0xc4 src/ASF/common/services/gfx_mono/gfx_mono_generic.o
                0x00000e5e                gfx_mono_generic_draw_horizontal_line
 .text.gfx_mono_generic_draw_filled_rect
                0x00000f22       0x34 src/ASF/common/services/gfx_mono/gfx_mono_generic.o
                0x00000f22                gfx_mono_generic_draw_filled_rect
 .text.gfx_mono_draw_char
                0x00000f56       0xba src/ASF/common/services/gfx_mono/gfx_mono_text.o
                0x00000f56                gfx_mono_draw_char
 .text.gfx_mono_draw_string
                0x00001010       0x52 src/ASF/common/services/gfx_mono/gfx_mono_text.o
                0x00001010                gfx_mono_draw_string
 .text.ioport_configure_port_pin
                0x00001062       0x4e src/ASF/common/services/ioport/xmega/ioport_compat.o
                0x00001062                ioport_configure_port_pin
 .text.usart_spi_init
                0x000010b0       0x5e src/ASF/common/services/spi/xmega_usart_spi/usart_spi.o
                0x000010b0                usart_spi_init
 .text.usart_spi_setup_device
                0x0000110e       0x34 src/ASF/common/services/spi/xmega_usart_spi/usart_spi.o
                0x0000110e                usart_spi_setup_device
 .text.usart_spi_select_device
                0x00001142       0x2c src/ASF/common/services/spi/xmega_usart_spi/usart_spi.o
                0x00001142                usart_spi_select_device
 .text.usart_spi_deselect_device
                0x0000116e       0x2c src/ASF/common/services/spi/xmega_usart_spi/usart_spi.o
                0x0000116e                usart_spi_deselect_device
 .text.board_init
                0x0000119a       0x9e src/ASF/xmega/boards/xmega_a3bu_xplained/init.o
                0x0000119a                board_init
 .text.adc_set_callback
                0x00001238       0x40 src/ASF/xmega/drivers/adc/adc.o
                0x00001238                adc_set_callback
 .text.adc_enable_clock
                0x00001278       0x3e src/ASF/xmega/drivers/adc/adc.o
                0x00001278                adc_enable_clock
 .text.adc_disable_clock
                0x000012b6       0x3a src/ASF/xmega/drivers/adc/adc.o
                0x000012b6                adc_disable_clock
 .text.adc_enable
                0x000012f0       0x58 src/ASF/xmega/drivers/adc/adc.o
                0x000012f0                adc_enable
 .text.__vector_71
                0x00001348       0x64 src/ASF/xmega/drivers/adc/xmega_aau/adc_aau.o
                0x00001348                __vector_71
 .text.__vector_72
                0x000013ac       0x64 src/ASF/xmega/drivers/adc/xmega_aau/adc_aau.o
                0x000013ac                __vector_72
 .text.__vector_73
                0x00001410       0x64 src/ASF/xmega/drivers/adc/xmega_aau/adc_aau.o
                0x00001410                __vector_73
 .text.__vector_74
                0x00001474       0x64 src/ASF/xmega/drivers/adc/xmega_aau/adc_aau.o
                0x00001474                __vector_74
 .text.__vector_39
                0x000014d8       0x64 src/ASF/xmega/drivers/adc/xmega_aau/adc_aau.o
                0x000014d8                __vector_39
 .text.__vector_40
                0x0000153c       0x64 src/ASF/xmega/drivers/adc/xmega_aau/adc_aau.o
                0x0000153c                __vector_40
 .text.__vector_41
                0x000015a0       0x64 src/ASF/xmega/drivers/adc/xmega_aau/adc_aau.o
                0x000015a0                __vector_41
 .text.__vector_42
                0x00001604       0x64 src/ASF/xmega/drivers/adc/xmega_aau/adc_aau.o
                0x00001604                __vector_42
 .text.adc_write_configuration
                0x00001668       0xcc src/ASF/xmega/drivers/adc/xmega_aau/adc_aau.o
                0x00001668                adc_write_configuration
 .text.adc_read_configuration
                0x00001734       0x72 src/ASF/xmega/drivers/adc/xmega_aau/adc_aau.o
                0x00001734                adc_read_configuration
 .text.adcch_write_configuration
                0x000017a6       0x96 src/ASF/xmega/drivers/adc/xmega_aau/adc_aau.o
                0x000017a6                adcch_write_configuration
 .text.adcch_read_configuration
                0x0000183c       0x96 src/ASF/xmega/drivers/adc/xmega_aau/adc_aau.o
                0x0000183c                adcch_read_configuration
 .text.ccp_write_io
                0x000018d2        0xc src/ASF/xmega/drivers/cpu/ccp.o
                0x000018d2                ccp_write_io
 .text.nvm_read_byte
                0x000018de       0x14 src/ASF/xmega/drivers/nvm/nvm_asm.o
                0x000018de                nvm_read_byte
 .text.usart_spi_set_baudrate
                0x000018f2       0x62 src/ASF/xmega/drivers/usart/usart.o
                0x000018f2                usart_spi_set_baudrate
 .text.usart_init_spi
                0x00001954      0x3c8 src/ASF/xmega/drivers/usart/usart.o
                0x00001954                usart_init_spi
 .text.avr-libc.fplib
                0x00001d1c        0xa c:/program files (x86)/atmel/studio/7.0/toolchain/avr8/avr8-gnu-toolchain/bin/../lib/gcc/avr/5.4.0/../../../../avr/lib/avrxmega6\libm.a(addsf3.o)
                0x00001d1c                __subsf3
                0x00001d1e                __addsf3
 .text.avr-libc.fplib
                0x00001d26       0xc0 c:/program files (x86)/atmel/studio/7.0/toolchain/avr8/avr8-gnu-toolchain/bin/../lib/gcc/avr/5.4.0/../../../../avr/lib/avrxmega6\libm.a(addsf3x.o)
                0x00001d40                __addsf3x
 .text.avr-libc.fplib
                0x00001de6        0xa c:/program files (x86)/atmel/studio/7.0/toolchain/avr8/avr8-gnu-toolchain/bin/../lib/gcc/avr/5.4.0/../../../../avr/lib/avrxmega6\libm.a(fixsfsi.o)
                0x00001de6                __fixsfsi
 .text.avr-libc.fplib
                0x00001df0       0x58 c:/program files (x86)/atmel/studio/7.0/toolchain/avr8/avr8-gnu-toolchain/bin/../lib/gcc/avr/5.4.0/../../../../avr/lib/avrxmega6\libm.a(fixunssfsi.o)
                0x00001df0                __fixunssfsi
 .text.avr-libc.fplib
                0x00001e48       0x7a c:/program files (x86)/atmel/studio/7.0/toolchain/avr8/avr8-gnu-toolchain/bin/../lib/gcc/avr/5.4.0/../../../../avr/lib/avrxmega6\libm.a(floatsisf.o)
                0x00001e48                __floatunsisf
                0x00001e4c                __floatsisf
 .text.avr-libc.fplib
                0x00001ec2        0xc c:/program files (x86)/atmel/studio/7.0/toolchain/avr8/avr8-gnu-toolchain/bin/../lib/gcc/avr/5.4.0/../../../../avr/lib/avrxmega6\libm.a(fp_inf.o)
                0x00001ec2                __fp_inf
 .text.avr-libc.fplib
                0x00001ece        0x6 c:/program files (x86)/atmel/studio/7.0/toolchain/avr8/avr8-gnu-toolchain/bin/../lib/gcc/avr/5.4.0/../../../../avr/lib/avrxmega6\libm.a(fp_nan.o)
                0x00001ece                __fp_nan
 .text.avr-libc.fplib
                0x00001ed4        0xe c:/program files (x86)/atmel/studio/7.0/toolchain/avr8/avr8-gnu-toolchain/bin/../lib/gcc/avr/5.4.0/../../../../avr/lib/avrxmega6\libm.a(fp_pscA.o)
                0x00001ed4                __fp_pscA
 .text.avr-libc.fplib
                0x00001ee2        0xe c:/program files (x86)/atmel/studio/7.0/toolchain/avr8/avr8-gnu-toolchain/bin/../lib/gcc/avr/5.4.0/../../../../avr/lib/avrxmega6\libm.a(fp_pscB.o)
                0x00001ee2                __fp_pscB
 .text.avr-libc.fplib
                0x00001ef0       0x22 c:/program files (x86)/atmel/studio/7.0/toolchain/avr8/avr8-gnu-toolchain/bin/../lib/gcc/avr/5.4.0/../../../../avr/lib/avrxmega6\libm.a(fp_round.o)
                0x00001ef0                __fp_round
 .text.avr-libc.fplib
                0x00001f12       0x44 c:/program files (x86)/atmel/studio/7.0/toolchain/avr8/avr8-gnu-toolchain/bin/../lib/gcc/avr/5.4.0/../../../../avr/lib/avrxmega6\libm.a(fp_split3.o)
                0x00001f12                __fp_split3
                0x00001f22                __fp_splitA
 .text.avr-libc.fplib
                0x00001f56        0xe c:/program files (x86)/atmel/studio/7.0/toolchain/avr8/avr8-gnu-toolchain/bin/../lib/gcc/avr/5.4.0/../../../../avr/lib/avrxmega6\libm.a(fp_zero.o)
                0x00001f56                __fp_zero
                0x00001f58                __fp_szero
 .text.avr-libc.fplib
                0x00001f64        0x4 c:/program files (x86)/atmel/studio/7.0/toolchain/avr8/avr8-gnu-toolchain/bin/../lib/gcc/avr/5.4.0/../../../../avr/lib/avrxmega6\libm.a(mulsf3.o)
                0x00001f64                __mulsf3
 .text.avr-libc.fplib
                0x00001f68       0xc2 c:/program files (x86)/atmel/studio/7.0/toolchain/avr8/avr8-gnu-toolchain/bin/../lib/gcc/avr/5.4.0/../../../../avr/lib/avrxmega6\libm.a(mulsf3x.o)
                0x00001f7c                __mulsf3x
                0x00001f80                __mulsf3_pse
 .text.libgcc.div
                0x0000202a       0x44 c:/program files (x86)/atmel/studio/7.0/toolchain/avr8/avr8-gnu-toolchain/bin/../lib/gcc/avr/5.4.0/avrxmega6\libgcc.a(_udivmodsi4.o)
                0x0000202a                __udivmodsi4
 .text.avr-libc
                0x0000206e       0x6c c:/program files (x86)/atmel/studio/7.0/toolchain/avr8/avr8-gnu-toolchain/bin/../lib/gcc/avr/5.4.0/../../../../avr/lib/avrxmega6\libc.a(snprintf.o)
                0x0000206e                snprintf
 .text.avr-libc
                0x000020da      0x3ee c:/program files (x86)/atmel/studio/7.0/toolchain/avr8/avr8-gnu-toolchain/bin/../lib/gcc/avr/5.4.0/../../../../avr/lib/avrxmega6\libc.a(vfprintf_std.o)
                0x000020da                vfprintf
 .text.avr-libc
                0x000024c8       0x16 c:/program files (x86)/atmel/studio/7.0/toolchain/avr8/avr8-gnu-toolchain/bin/../lib/gcc/avr/5.4.0/../../../../avr/lib/avrxmega6\libc.a(strnlen_P.o)
                0x000024c8                strnlen_P
 .text.avr-libc
                0x000024de       0x16 c:/program files (x86)/atmel/studio/7.0/toolchain/avr8/avr8-gnu-toolchain/bin/../lib/gcc/avr/5.4.0/../../../../avr/lib/avrxmega6\libc.a(strnlen.o)
                0x000024de                strnlen
 .text.avr-libc
                0x000024f4       0x78 c:/program files (x86)/atmel/studio/7.0/toolchain/avr8/avr8-gnu-toolchain/bin/../lib/gcc/avr/5.4.0/../../../../avr/lib/avrxmega6\libc.a(fputc.o)
                0x000024f4                fputc
 .text.avr-libc
                0x0000256c       0xbc c:/program files (x86)/atmel/studio/7.0/toolchain/avr8/avr8-gnu-toolchain/bin/../lib/gcc/avr/5.4.0/../../../../avr/lib/avrxmega6\libc.a(ultoa_invert.o)
                0x0000256c                __ultoa_invert
                0x00002628                . = ALIGN (0x2)
 *(.fini9)
 .fini9         0x00002628        0x0 c:/program files (x86)/atmel/studio/7.0/toolchain/avr8/avr8-gnu-toolchain/bin/../lib/gcc/avr/5.4.0/avrxmega6\libgcc.a(_exit.o)
                0x00002628                _exit
                0x00002628                exit
 *(.fini9)
 *(.fini8)
 *(.fini8)
 *(.fini7)
 *(.fini7)
 *(.fini6)
 *(.fini6)
 *(.fini5)
 *(.fini5)
 *(.fini4)
 *(.fini4)
 *(.fini3)
 *(.fini3)
 *(.fini2)
 *(.fini2)
 *(.fini1)
 *(.fini1)
 *(.fini0)
 .fini0         0x00002628        0x4 c:/program files (x86)/atmel/studio/7.0/toolchain/avr8/avr8-gnu-toolchain/bin/../lib/gcc/avr/5.4.0/avrxmega6\libgcc.a(_exit.o)
 *(.fini0)
                0x0000262c                _etext = .

.data           0x00802000       0x36 load address 0x0000262c
                0x00802000                PROVIDE (__data_start, .)
 *(.data)
 *(.data*)
 .data.sysfont  0x00802000        0x7 src/ASF/common/services/gfx_mono/sysfont.o
                0x00802000                sysfont
 .data.sleepmgr_configs
                0x00802007        0x6 src/ASF/common/services/sleepmgr/xmega/sleepmgr.o
                0x00802007                sleepmgr_configs
 *(.rodata)
 *(.rodata*)
 .rodata.str1.1
                0x0080200d       0x29 src/adc_example1_gfx.o
 *(.gnu.linkonce.d*)
                0x00802036                . = ALIGN (0x2)
                0x00802036                _edata = .
                0x00802036                PROVIDE (__data_end, .)

.bss            0x00802036      0x210
                0x00802036                PROVIDE (__bss_start, .)
 *(.bss)
 *(.bss*)
 .bss.last_temperature
                0x00802036        0x2 src/adc_example1_gfx.o
 .bss.framebuffer
                0x00802038      0x200 src/ASF/common/services/gfx_mono/gfx_mono_c12832_a1z.o
 .bss.fbpointer
                0x00802238        0x2 src/ASF/common/services/gfx_mono/gfx_mono_framebuffer.o
 .bss.adcb_enable_count
                0x0080223a        0x1 src/ASF/xmega/drivers/adc/adc.o
 .bss.adca_enable_count
                0x0080223b        0x1 src/ASF/xmega/drivers/adc/adc.o
 *(COMMON)
 COMMON         0x0080223c        0x6 src/ASF/common/services/sleepmgr/xmega/sleepmgr.o
                0x0080223c                sleepmgr_locks
 COMMON         0x00802242        0x4 src/ASF/xmega/drivers/adc/adc.o
                0x00802242                adcb_callback
                0x00802244                adca_callback
                0x00802246                PROVIDE (__bss_end, .)
                0x0000262c                __data_load_start = LOADADDR (.data)
                0x00002662                __data_load_end = (__data_load_start + SIZEOF (.data))

.noinit         0x00802246        0x0
                [!provide]                PROVIDE (__noinit_start, .)
 *(.noinit*)
                [!provide]                PROVIDE (__noinit_end, .)
                0x00802246                _end = .
                [!provide]                PROVIDE (__heap_start, .)

.eeprom         0x00810000        0x0
 *(.eeprom*)
                0x00810000                __eeprom_end = .

.fuse
 *(.fuse)
 *(.lfuse)
 *(.hfuse)
 *(.efuse)

.lock
 *(.lock*)

.signature
 *(.signature*)

.user_signatures
 *(.user_signatures*)

.stab
 *(.stab)

.stabstr
 *(.stabstr)

.stab.excl
 *(.stab.excl)

.stab.exclstr
 *(.stab.exclstr)

.stab.index
 *(.stab.index)

.stab.indexstr
 *(.stab.indexstr)

.comment        0x00000000       0x5c
 *(.comment)
 .comment       0x00000000       0x30 src/adc_example1_gfx.o
                                 0x31 (size before relaxing)
 .comment       0x00000030       0x31 src/ASF/common/components/display/st7565r/st7565r.o
 .comment       0x00000030       0x31 src/ASF/common/services/clock/xmega/sysclk.o
 .comment       0x00000030       0x31 src/ASF/common/services/gfx_mono/gfx_mono_c12832_a1z.o
 .comment       0x00000030       0x31 src/ASF/common/services/gfx_mono/gfx_mono_framebuffer.o
 .comment       0x00000030       0x31 src/ASF/common/services/gfx_mono/gfx_mono_generic.o
 .comment       0x00000030       0x31 src/ASF/common/services/gfx_mono/gfx_mono_text.o
 .comment       0x00000030       0x31 src/ASF/common/services/gfx_mono/sysfont.o
 .comment       0x00000030       0x31 src/ASF/common/services/ioport/xmega/ioport_compat.o
 .comment       0x00000030       0x31 src/ASF/common/services/sleepmgr/xmega/sleepmgr.o
 .comment       0x00000030       0x31 src/ASF/common/services/spi/xmega_usart_spi/usart_spi.o
 .comment       0x00000030       0x31 src/ASF/xmega/boards/xmega_a3bu_xplained/init.o
 .comment       0x00000030       0x31 src/ASF/xmega/drivers/adc/adc.o
 .comment       0x00000030       0x31 src/ASF/xmega/drivers/adc/xmega_aau/adc_aau.o
 .comment       0x00000030       0x31 src/ASF/xmega/drivers/usart/usart.o
 .comment       0x00000030       0x31 c:/program files (x86)/atmel/studio/7.0/toolchain/avr8/avr8-gnu-toolchain/bin/../lib/gcc/avr/5.4.0/../../../../avr/lib/avrxmega6\libc.a(snprintf.o)
 .comment       0x00000030       0x2c c:/program files (x86)/atmel/studio/7.0/toolchain/avr8/avr8-gnu-toolchain/bin/../lib/gcc/avr/5.4.0/../../../../avr/lib/avrxmega6\libc.a(vfprintf_std.o)
                                 0x2d (size before relaxing)
 .comment       0x0000005c       0x31 c:/program files (x86)/atmel/studio/7.0/toolchain/avr8/avr8-gnu-toolchain/bin/../lib/gcc/avr/5.4.0/../../../../avr/lib/avrxmega6\libc.a(fputc.o)

.note.gnu.avr.deviceinfo
                0x00000000       0x44
 .note.gnu.avr.deviceinfo
                0x00000000       0x44 C:/Program Files (x86)/Atmel/Studio/7.0/Packs/atmel/XMEGAA_DFP/1.1.68/gcc/dev/atxmega256a3bu/avrxmega6/crtatxmega256a3bu.o

.note.gnu.build-id
 *(.note.gnu.build-id)

.debug
 *(.debug)

.line
 *(.line)

.debug_srcinfo
 *(.debug_srcinfo)

.debug_sfnames
 *(.debug_sfnames)

.debug_aranges  0x00000000      0x3f8
 *(.debug_aranges)
 .debug_aranges
                0x00000000       0x28 src/adc_example1_gfx.o
 .debug_aranges
                0x00000028       0x28 src/ASF/common/components/display/st7565r/st7565r.o
 .debug_aranges
                0x00000050       0x40 src/ASF/common/services/clock/xmega/sysclk.o
 .debug_aranges
                0x00000090       0x60 src/ASF/common/services/gfx_mono/gfx_mono_c12832_a1z.o
 .debug_aranges
                0x000000f0       0x58 src/ASF/common/services/gfx_mono/gfx_mono_framebuffer.o
 .debug_aranges
                0x00000148       0x58 src/ASF/common/services/gfx_mono/gfx_mono_generic.o
 .debug_aranges
                0x000001a0       0x40 src/ASF/common/services/gfx_mono/gfx_mono_text.o
 .debug_aranges
                0x000001e0       0x18 src/ASF/common/services/gfx_mono/sysfont.o
 .debug_aranges
                0x000001f8       0x20 src/ASF/common/services/ioport/xmega/ioport_compat.o
 .debug_aranges
                0x00000218       0x18 src/ASF/common/services/sleepmgr/xmega/sleepmgr.o
 .debug_aranges
                0x00000230       0x48 src/ASF/common/services/spi/xmega_usart_spi/usart_spi.o
 .debug_aranges
                0x00000278       0x20 src/ASF/xmega/boards/xmega_a3bu_xplained/init.o
 .debug_aranges
                0x00000298       0x48 src/ASF/xmega/drivers/adc/adc.o
 .debug_aranges
                0x000002e0       0x78 src/ASF/xmega/drivers/adc/xmega_aau/adc_aau.o
 .debug_aranges
                0x00000358       0x20 src/ASF/xmega/drivers/cpu/ccp.o
 .debug_aranges
                0x00000378       0x28 src/ASF/xmega/drivers/nvm/nvm_asm.o
 .debug_aranges
                0x000003a0       0x58 src/ASF/xmega/drivers/usart/usart.o

.debug_pubnames
 *(.debug_pubnames)

.debug_info     0x00000000     0xffec
 *(.debug_info .gnu.linkonce.wi.*)
 .debug_info    0x00000000     0x3379 C:/Program Files (x86)/Atmel/Studio/7.0/Packs/atmel/XMEGAA_DFP/1.1.68/gcc/dev/atxmega256a3bu/avrxmega6/crtatxmega256a3bu.o
 .debug_info    0x00003379     0x170f src/adc_example1_gfx.o
 .debug_info    0x00004a88     0x1945 src/ASF/common/components/display/st7565r/st7565r.o
 .debug_info    0x000063cd      0x8ad src/ASF/common/services/clock/xmega/sysclk.o
 .debug_info    0x00006c7a     0x1de2 src/ASF/common/services/gfx_mono/gfx_mono_c12832_a1z.o
 .debug_info    0x00008a5c      0x487 src/ASF/common/services/gfx_mono/gfx_mono_framebuffer.o
 .debug_info    0x00008ee3      0xc10 src/ASF/common/services/gfx_mono/gfx_mono_generic.o
 .debug_info    0x00009af3      0x71b src/ASF/common/services/gfx_mono/gfx_mono_text.o
 .debug_info    0x0000a20e      0x1af src/ASF/common/services/gfx_mono/sysfont.o
 .debug_info    0x0000a3bd      0x121 src/ASF/common/services/ioport/xmega/ioport_compat.o
 .debug_info    0x0000a4de      0x129 src/ASF/common/services/sleepmgr/xmega/sleepmgr.o
 .debug_info    0x0000a607      0xb7e src/ASF/common/services/spi/xmega_usart_spi/usart_spi.o
 .debug_info    0x0000b185      0x71c src/ASF/xmega/boards/xmega_a3bu_xplained/init.o
 .debug_info    0x0000b8a1      0xa91 src/ASF/xmega/drivers/adc/adc.o
 .debug_info    0x0000c332      0xe99 src/ASF/xmega/drivers/adc/xmega_aau/adc_aau.o
 .debug_info    0x0000d1cb       0x9e src/ASF/xmega/drivers/cpu/ccp.o
 .debug_info    0x0000d269       0x9e src/ASF/xmega/drivers/nvm/nvm_asm.o
 .debug_info    0x0000d307     0x2ce5 src/ASF/xmega/drivers/usart/usart.o

.debug_abbrev   0x00000000     0x5272
 *(.debug_abbrev)
 .debug_abbrev  0x00000000     0x30c4 C:/Program Files (x86)/Atmel/Studio/7.0/Packs/atmel/XMEGAA_DFP/1.1.68/gcc/dev/atxmega256a3bu/avrxmega6/crtatxmega256a3bu.o
 .debug_abbrev  0x000030c4      0x3d5 src/adc_example1_gfx.o
 .debug_abbrev  0x00003499      0x2a0 src/ASF/common/components/display/st7565r/st7565r.o
 .debug_abbrev  0x00003739      0x24e src/ASF/common/services/clock/xmega/sysclk.o
 .debug_abbrev  0x00003987      0x385 src/ASF/common/services/gfx_mono/gfx_mono_c12832_a1z.o
 .debug_abbrev  0x00003d0c      0x174 src/ASF/common/services/gfx_mono/gfx_mono_framebuffer.o
 .debug_abbrev  0x00003e80      0x1ac src/ASF/common/services/gfx_mono/gfx_mono_generic.o
 .debug_abbrev  0x0000402c      0x21c src/ASF/common/services/gfx_mono/gfx_mono_text.o
 .debug_abbrev  0x00004248       0xe2 src/ASF/common/services/gfx_mono/sysfont.o
 .debug_abbrev  0x0000432a       0x95 src/ASF/common/services/ioport/xmega/ioport_compat.o
 .debug_abbrev  0x000043bf       0x84 src/ASF/common/services/sleepmgr/xmega/sleepmgr.o
 .debug_abbrev  0x00004443      0x2d8 src/ASF/common/services/spi/xmega_usart_spi/usart_spi.o
 .debug_abbrev  0x0000471b      0x14a src/ASF/xmega/boards/xmega_a3bu_xplained/init.o
 .debug_abbrev  0x00004865      0x2d2 src/ASF/xmega/drivers/adc/adc.o
 .debug_abbrev  0x00004b37      0x320 src/ASF/xmega/drivers/adc/xmega_aau/adc_aau.o
 .debug_abbrev  0x00004e57       0x14 src/ASF/xmega/drivers/cpu/ccp.o
 .debug_abbrev  0x00004e6b       0x12 src/ASF/xmega/drivers/nvm/nvm_asm.o
 .debug_abbrev  0x00004e7d      0x3f5 src/ASF/xmega/drivers/usart/usart.o

.debug_line     0x00000000     0x89c9
 *(.debug_line .debug_line.* .debug_line_end)
 .debug_line    0x00000000      0x39d C:/Program Files (x86)/Atmel/Studio/7.0/Packs/atmel/XMEGAA_DFP/1.1.68/gcc/dev/atxmega256a3bu/avrxmega6/crtatxmega256a3bu.o
 .debug_line    0x0000039d      0xb69 src/adc_example1_gfx.o
 .debug_line    0x00000f06      0xac3 src/ASF/common/components/display/st7565r/st7565r.o
 .debug_line    0x000019c9      0x6b4 src/ASF/common/services/clock/xmega/sysclk.o
 .debug_line    0x0000207d      0xda7 src/ASF/common/services/gfx_mono/gfx_mono_c12832_a1z.o
 .debug_line    0x00002e24      0x918 src/ASF/common/services/gfx_mono/gfx_mono_framebuffer.o
 .debug_line    0x0000373c      0xc05 src/ASF/common/services/gfx_mono/gfx_mono_generic.o
 .debug_line    0x00004341      0x9a2 src/ASF/common/services/gfx_mono/gfx_mono_text.o
 .debug_line    0x00004ce3      0x7c2 src/ASF/common/services/gfx_mono/sysfont.o
 .debug_line    0x000054a5      0x4b4 src/ASF/common/services/ioport/xmega/ioport_compat.o
 .debug_line    0x00005959      0x457 src/ASF/common/services/sleepmgr/xmega/sleepmgr.o
 .debug_line    0x00005db0      0x7d6 src/ASF/common/services/spi/xmega_usart_spi/usart_spi.o
 .debug_line    0x00006586      0x4df src/ASF/xmega/boards/xmega_a3bu_xplained/init.o
 .debug_line    0x00006a65      0x7c5 src/ASF/xmega/drivers/adc/adc.o
 .debug_line    0x0000722a      0x975 src/ASF/xmega/drivers/adc/xmega_aau/adc_aau.o
 .debug_line    0x00007b9f       0x6e src/ASF/xmega/drivers/cpu/ccp.o
 .debug_line    0x00007c0d      0x11f src/ASF/xmega/drivers/nvm/nvm_asm.o
 .debug_line    0x00007d2c      0xc9d src/ASF/xmega/drivers/usart/usart.o

.debug_frame    0x00000000      0xe10
 *(.debug_frame)
 .debug_frame   0x00000000       0x9c src/adc_example1_gfx.o
 .debug_frame   0x0000009c       0x68 src/ASF/common/components/display/st7565r/st7565r.o
 .debug_frame   0x00000104       0xa4 src/ASF/common/services/clock/xmega/sysclk.o
 .debug_frame   0x000001a8      0x1b4 src/ASF/common/services/gfx_mono/gfx_mono_c12832_a1z.o
 .debug_frame   0x0000035c       0xd0 src/ASF/common/services/gfx_mono/gfx_mono_framebuffer.o
 .debug_frame   0x0000042c      0x214 src/ASF/common/services/gfx_mono/gfx_mono_generic.o
 .debug_frame   0x00000640      0x100 src/ASF/common/services/gfx_mono/gfx_mono_text.o
 .debug_frame   0x00000740       0x30 src/ASF/common/services/ioport/xmega/ioport_compat.o
 .debug_frame   0x00000770       0x90 src/ASF/common/services/spi/xmega_usart_spi/usart_spi.o
 .debug_frame   0x00000800       0x24 src/ASF/xmega/boards/xmega_a3bu_xplained/init.o
 .debug_frame   0x00000824       0xbc src/ASF/xmega/drivers/adc/adc.o
 .debug_frame   0x000008e0      0x3e4 src/ASF/xmega/drivers/adc/xmega_aau/adc_aau.o
 .debug_frame   0x00000cc4      0x14c src/ASF/xmega/drivers/usart/usart.o

.debug_str      0x00000000    0x3309b
 *(.debug_str)
 .debug_str     0x00000000     0x21e4 C:/Program Files (x86)/Atmel/Studio/7.0/Packs/atmel/XMEGAA_DFP/1.1.68/gcc/dev/atxmega256a3bu/avrxmega6/crtatxmega256a3bu.o
 .debug_str     0x000021e4    0x2ee5f src/adc_example1_gfx.o
                              0x2f78f (size before relaxing)
 .debug_str     0x00031043      0x24a src/ASF/common/components/display/st7565r/st7565r.o
                              0x2bf6b (size before relaxing)
 .debug_str     0x0003128d      0x2e9 src/ASF/common/services/clock/xmega/sysclk.o
                              0x2ad78 (size before relaxing)
 .debug_str     0x00031576      0x2a9 src/ASF/common/services/gfx_mono/gfx_mono_c12832_a1z.o
                              0x2c86c (size before relaxing)
 .debug_str     0x0003181f       0xba src/ASF/common/services/gfx_mono/gfx_mono_framebuffer.o
                              0x2c487 (size before relaxing)
 .debug_str     0x000318d9      0x225 src/ASF/common/services/gfx_mono/gfx_mono_generic.o
                              0x2c5ca (size before relaxing)
 .debug_str     0x00031afe      0x1cf src/ASF/common/services/gfx_mono/gfx_mono_text.o
                              0x2c55e (size before relaxing)
 .debug_str     0x00031ccd       0x3d src/ASF/common/services/gfx_mono/sysfont.o
                              0x2d3bb (size before relaxing)
 .debug_str     0x00031d0a       0xab src/ASF/common/services/ioport/xmega/ioport_compat.o
                              0x28a4f (size before relaxing)
 .debug_str     0x00031db5       0x35 src/ASF/common/services/sleepmgr/xmega/sleepmgr.o
                              0x28798 (size before relaxing)
 .debug_str     0x00031dea      0x1d1 src/ASF/common/services/spi/xmega_usart_spi/usart_spi.o
                              0x2b540 (size before relaxing)
 .debug_str     0x00031fbb       0x6c src/ASF/xmega/boards/xmega_a3bu_xplained/init.o
                              0x2a600 (size before relaxing)
 .debug_str     0x00032027      0x257 src/ASF/xmega/drivers/adc/adc.o
                              0x2b766 (size before relaxing)
 .debug_str     0x0003227e      0x4fa src/ASF/xmega/drivers/adc/xmega_aau/adc_aau.o
                              0x2b9f9 (size before relaxing)
 .debug_str     0x00032778      0x923 src/ASF/xmega/drivers/usart/usart.o
                              0x2c088 (size before relaxing)

.debug_loc      0x00000000     0x6a30
 *(.debug_loc)
 .debug_loc     0x00000000      0x460 src/adc_example1_gfx.o
 .debug_loc     0x00000460      0x7ca src/ASF/common/components/display/st7565r/st7565r.o
 .debug_loc     0x00000c2a      0x329 src/ASF/common/services/clock/xmega/sysclk.o
 .debug_loc     0x00000f53     0x1382 src/ASF/common/services/gfx_mono/gfx_mono_c12832_a1z.o
 .debug_loc     0x000022d5      0x61c src/ASF/common/services/gfx_mono/gfx_mono_framebuffer.o
 .debug_loc     0x000028f1     0x11c5 src/ASF/common/services/gfx_mono/gfx_mono_generic.o
 .debug_loc     0x00003ab6      0x9a2 src/ASF/common/services/gfx_mono/gfx_mono_text.o
 .debug_loc     0x00004458       0x66 src/ASF/common/services/ioport/xmega/ioport_compat.o
 .debug_loc     0x000044be      0x56c src/ASF/common/services/spi/xmega_usart_spi/usart_spi.o
 .debug_loc     0x00004a2a      0x203 src/ASF/xmega/boards/xmega_a3bu_xplained/init.o
 .debug_loc     0x00004c2d      0x2b3 src/ASF/xmega/drivers/adc/adc.o
 .debug_loc     0x00004ee0      0xd3c src/ASF/xmega/drivers/adc/xmega_aau/adc_aau.o
 .debug_loc     0x00005c1c      0xe14 src/ASF/xmega/drivers/usart/usart.o

.debug_macinfo
 *(.debug_macinfo)

.debug_weaknames
 *(.debug_weaknames)

.debug_funcnames
 *(.debug_funcnames)

.debug_typenames
 *(.debug_typenames)

.debug_varnames
 *(.debug_varnames)

.debug_pubtypes
 *(.debug_pubtypes)

.debug_ranges   0x00000000      0x4f0
 *(.debug_ranges)
 .debug_ranges  0x00000000       0x68 src/adc_example1_gfx.o
 .debug_ranges  0x00000068       0x18 src/ASF/common/components/display/st7565r/st7565r.o
 .debug_ranges  0x00000080       0x30 src/ASF/common/services/clock/xmega/sysclk.o
 .debug_ranges  0x000000b0      0x188 src/ASF/common/services/gfx_mono/gfx_mono_c12832_a1z.o
 .debug_ranges  0x00000238       0x48 src/ASF/common/services/gfx_mono/gfx_mono_framebuffer.o
 .debug_ranges  0x00000280       0x48 src/ASF/common/services/gfx_mono/gfx_mono_generic.o
 .debug_ranges  0x000002c8       0x30 src/ASF/common/services/gfx_mono/gfx_mono_text.o
 .debug_ranges  0x000002f8       0x10 src/ASF/common/services/ioport/xmega/ioport_compat.o
 .debug_ranges  0x00000308       0x98 src/ASF/common/services/spi/xmega_usart_spi/usart_spi.o
 .debug_ranges  0x000003a0       0x10 src/ASF/xmega/boards/xmega_a3bu_xplained/init.o
 .debug_ranges  0x000003b0       0x38 src/ASF/xmega/drivers/adc/adc.o
 .debug_ranges  0x000003e8       0x68 src/ASF/xmega/drivers/adc/xmega_aau/adc_aau.o
 .debug_ranges  0x00000450       0x20 src/ASF/xmega/drivers/nvm/nvm_asm.o
 .debug_ranges  0x00000470       0x80 src/ASF/xmega/drivers/usart/usart.o

.debug_macro    0x00000000     0xc52a
 *(.debug_macro)
 .debug_macro   0x00000000      0x39c src/adc_example1_gfx.o
 .debug_macro   0x0000039c      0xa9c src/adc_example1_gfx.o
 .debug_macro   0x00000e38       0x10 src/adc_example1_gfx.o
 .debug_macro   0x00000e48      0x1c9 src/adc_example1_gfx.o
 .debug_macro   0x00001011      0x2fc src/adc_example1_gfx.o
 .debug_macro   0x0000130d       0x9e src/adc_example1_gfx.o
 .debug_macro   0x000013ab     0x6271 src/adc_example1_gfx.o
 .debug_macro   0x0000761c       0x9a src/adc_example1_gfx.o
 .debug_macro   0x000076b6       0xf1 src/adc_example1_gfx.o
 .debug_macro   0x000077a7       0x34 src/adc_example1_gfx.o
 .debug_macro   0x000077db       0x16 src/adc_example1_gfx.o
 .debug_macro   0x000077f1       0x18 src/adc_example1_gfx.o
 .debug_macro   0x00007809       0x5e src/adc_example1_gfx.o
 .debug_macro   0x00007867       0x10 src/adc_example1_gfx.o
 .debug_macro   0x00007877       0x22 src/adc_example1_gfx.o
 .debug_macro   0x00007899      0x16d src/adc_example1_gfx.o
 .debug_macro   0x00007a06       0x1c src/adc_example1_gfx.o
 .debug_macro   0x00007a22       0x35 src/adc_example1_gfx.o
 .debug_macro   0x00007a57       0x66 src/adc_example1_gfx.o
 .debug_macro   0x00007abd      0x64b src/adc_example1_gfx.o
 .debug_macro   0x00008108       0x97 src/adc_example1_gfx.o
 .debug_macro   0x0000819f       0x17 src/adc_example1_gfx.o
 .debug_macro   0x000081b6      0x250 src/adc_example1_gfx.o
 .debug_macro   0x00008406       0x76 src/adc_example1_gfx.o
 .debug_macro   0x0000847c       0x16 src/adc_example1_gfx.o
 .debug_macro   0x00008492      0x6e3 src/adc_example1_gfx.o
 .debug_macro   0x00008b75       0x10 src/adc_example1_gfx.o
 .debug_macro   0x00008b85      0x175 src/adc_example1_gfx.o
 .debug_macro   0x00008cfa       0x40 src/adc_example1_gfx.o
 .debug_macro   0x00008d3a       0x69 src/adc_example1_gfx.o
 .debug_macro   0x00008da3       0x32 src/adc_example1_gfx.o
 .debug_macro   0x00008dd5       0xe4 src/adc_example1_gfx.o
 .debug_macro   0x00008eb9       0x10 src/adc_example1_gfx.o
 .debug_macro   0x00008ec9       0x20 src/adc_example1_gfx.o
 .debug_macro   0x00008ee9       0x10 src/adc_example1_gfx.o
 .debug_macro   0x00008ef9       0x42 src/adc_example1_gfx.o
 .debug_macro   0x00008f3b       0x1c src/adc_example1_gfx.o
 .debug_macro   0x00008f57      0x2c6 src/adc_example1_gfx.o
 .debug_macro   0x0000921d      0x303 src/adc_example1_gfx.o
 .debug_macro   0x00009520       0x7d src/adc_example1_gfx.o
 .debug_macro   0x0000959d       0x2f src/adc_example1_gfx.o
 .debug_macro   0x000095cc      0x15b src/adc_example1_gfx.o
 .debug_macro   0x00009727       0xe3 src/adc_example1_gfx.o
 .debug_macro   0x0000980a       0x34 src/adc_example1_gfx.o
 .debug_macro   0x0000983e       0x28 src/adc_example1_gfx.o
 .debug_macro   0x00009866       0x23 src/adc_example1_gfx.o
 .debug_macro   0x00009889       0x82 src/adc_example1_gfx.o
 .debug_macro   0x0000990b      0x109 src/adc_example1_gfx.o
 .debug_macro   0x00009a14       0x3a src/adc_example1_gfx.o
 .debug_macro   0x00009a4e      0x100 src/adc_example1_gfx.o
 .debug_macro   0x00009b4e       0x34 src/adc_example1_gfx.o
 .debug_macro   0x00009b82       0x2e src/adc_example1_gfx.o
 .debug_macro   0x00009bb0       0x89 src/adc_example1_gfx.o
 .debug_macro   0x00009c39       0x7a src/adc_example1_gfx.o
 .debug_macro   0x00009cb3       0x3a src/adc_example1_gfx.o
 .debug_macro   0x00009ced       0x46 src/adc_example1_gfx.o
 .debug_macro   0x00009d33       0x1c src/adc_example1_gfx.o
 .debug_macro   0x00009d4f       0x58 src/adc_example1_gfx.o
 .debug_macro   0x00009da7       0x10 src/adc_example1_gfx.o
 .debug_macro   0x00009db7       0xf2 src/adc_example1_gfx.o
 .debug_macro   0x00009ea9       0x16 src/adc_example1_gfx.o
 .debug_macro   0x00009ebf      0x278 src/ASF/common/components/display/st7565r/st7565r.o
 .debug_macro   0x0000a137      0x1db src/ASF/common/services/clock/xmega/sysclk.o
 .debug_macro   0x0000a312       0x26 src/ASF/common/services/clock/xmega/sysclk.o
 .debug_macro   0x0000a338      0x2bc src/ASF/common/services/gfx_mono/gfx_mono_c12832_a1z.o
 .debug_macro   0x0000a5f4      0x2b0 src/ASF/common/services/gfx_mono/gfx_mono_framebuffer.o
 .debug_macro   0x0000a8a4      0x302 src/ASF/common/services/gfx_mono/gfx_mono_framebuffer.o
 .debug_macro   0x0000aba6      0x2b0 src/ASF/common/services/gfx_mono/gfx_mono_generic.o
 .debug_macro   0x0000ae56      0x2d7 src/ASF/common/services/gfx_mono/gfx_mono_text.o
 .debug_macro   0x0000b12d       0xaa src/ASF/common/services/gfx_mono/gfx_mono_text.o
 .debug_macro   0x0000b1d7      0x2dd src/ASF/common/services/gfx_mono/sysfont.o
 .debug_macro   0x0000b4b4      0x195 src/ASF/common/services/ioport/xmega/ioport_compat.o
 .debug_macro   0x0000b649      0x1a3 src/ASF/common/services/sleepmgr/xmega/sleepmgr.o
 .debug_macro   0x0000b7ec      0x236 src/ASF/common/services/spi/xmega_usart_spi/usart_spi.o
 .debug_macro   0x0000ba22      0x1b7 src/ASF/xmega/boards/xmega_a3bu_xplained/init.o
 .debug_macro   0x0000bbd9       0x10 src/ASF/xmega/boards/xmega_a3bu_xplained/init.o
 .debug_macro   0x0000bbe9      0x2c0 src/ASF/xmega/boards/xmega_a3bu_xplained/init.o
 .debug_macro   0x0000bea9      0x22f src/ASF/xmega/drivers/adc/adc.o
 .debug_macro   0x0000c0d8      0x22f src/ASF/xmega/drivers/adc/xmega_aau/adc_aau.o
 .debug_macro   0x0000c307      0x223 src/ASF/xmega/drivers/usart/usart.o
OUTPUT(Part1.elf elf32-avr)
LOAD linker stubs

.BOOT           0x00040000        0x0
